// Jest Snapshot v1, https://goo.gl/fbAQLP

exports[`renders learn react link 1`] = `
<div
  class="sc-bczRLJ hFXWXT"
>
  <h1>
    Hello
  </h1>
</div>
`;
